// Vitest Snapshot v1, https://vitest.dev/guide/snapshot.html

exports[`defaultPage页面的快照 1`] = `
<div>
  <main
    flex=""
    items-center=""
    justify-center=""
    style="height: 100%; background: rgb(204, 204, 204);"
  >
    <div
      class="el-card is-always-shadow"
      style="text-align: center; padding-bottom: 20px; margin-bottom: 100px; position: relative; border-radius: 20px;"
      w-450px=""
    >
      <!--v-if-->
      <div
        class="el-card__body"
        style=""
      >
        
        <h1
          class="animation"
          flex=""
          items-center=""
          justify-center=""
          style="letter-spacing: 30px; padding: 30px 0px 10px 15px; font-weight: bold;"
          text-100px=""
        >
           404 
        </h1>
        <button
          bth=""
          class="backbutton"
        >
           Back 
        </button>
        
      </div>
      <!--v-if-->
    </div>
  </main>
</div>
`;
